Evaluation point: 7.3
Left cell point: 6.25
Right cell point: 7.5
Left solution value: 32.4
Right solution value: 12.8
Expected value: 15.936
Actual value: 15.937
